During startup - Warning messages:
1: Setting LC_COLLATE=C.UTF-8 failed 
2: Setting LC_CTYPE=C.UTF-8 failed 
3: Setting LC_MONETARY=C.UTF-8 failed 
4: Setting LC_TIME=C.UTF-8 failed 
Verification of recovered package; not a frozen scientific run
R version 4.5.3 (2026-03-11 ucrt)
Platform: x86_64-w64-mingw32/x64
Running under: Windows 11 x64 (build 26200)

Matrix products: default
  LAPACK version 3.12.1

locale:
[1] C
system code page: 65001

time zone: America/New_York
tzcode source: internal

attached base packages:
[1] stats     graphics  grDevices utils     datasets  methods   base     

loaded via a namespace (and not attached):
[1] compiler_4.5.3
Parsed 115 R files
alignment: ........................................................................................................
bootstrap-fit: 12345678
bootstrap-summary: 9abcdefg
bootstrap: .........................................................................................................................................................................................................................................................................................................................................................................................................................................................................................................................................................................................................................................................................................
cluster-matching: ..............................................................................................................................................................................................................................................................................................
cluster-solver: hijklmnopq
cmds-kernel: rstuvwxyzA
data: ..................................................
embedding: ..............................................................................................................................................................................................................
movement: ................................
plot: ........................

== Failed ======================================================================
-- 1. Error ('test-bootstrap-fit.R:26:5'): unit-weight refits reproduce observed
Error in `fit_bootstrap_replicate(object, c(a = 1, b = 1, c = 1, d = 1))`: could not find function "fit_bootstrap_replicate"

-- 2. Error ('test-bootstrap-fit.R:49:3'): baseline gauge orientation propagates
Error in `fit_bootstrap_replicate(object, rep(1, 4))`: could not find function "fit_bootstrap_replicate"

-- 3. Error ('test-bootstrap-fit.R:59:5'): baseline gauge never rescales even wh
Error in `fit_bootstrap_replicate(object, rep(4, 4))`: could not find function "fit_bootstrap_replicate"

-- 4. Error ('test-bootstrap-fit.R:81:7'): fixed scales are applied and coincide
Error in `fit_bootstrap_replicate(object, weights, "refit")`: could not find function "fit_bootstrap_replicate"

-- 5. Error ('test-bootstrap-fit.R:106:5'): rank failures invalidate the entire 
Error in `fit_bootstrap_replicate(object, c(a = 2, b = 2, c = 0, d = 0))`: could not find function "fit_bootstrap_replicate"

-- 6. Error ('test-bootstrap-fit.R:129:5'): a boundary tie is captured as a fail
Error in `fit_bootstrap_replicate(object, c(a = 1, b = 1, c = 2))`: could not find function "fit_bootstrap_replicate"
Backtrace:
    x
 1. \-testthat::expect_no_warning(...) at test-bootstrap-fit.R:129:5
 2.   \-testthat:::expect_no_(...)
 3.     \-testthat:::quasi_capture(enquo(object), NULL, capture)
 4.       +-testthat (local) .capture(...)
 5.       | +-base::withRestarts(...)
 6.       | | \-base (local) withOneRestart(expr, restarts[[1L]])
 7.       | |   \-base (local) doWithOneRestart(return(expr), restart)
 8.       | \-base::withCallingHandlers(...)
 9.       \-rlang::eval_bare(quo_get_expr(.quo), quo_get_env(.quo))

-- 7. Error ('test-bootstrap-fit.R:146:3'): preprocessing errors identify the af
Error in `fit_bootstrap_replicate(object, rep(1, 4), "fixed")`: could not find function "fit_bootstrap_replicate"

-- 8. Error ('test-bootstrap-fit.R:165:5'): baseline and temporal geometry failu
Error in `fit_bootstrap_replicate(object, c(a = 2, b = 2, c = 0, d = 0))`: could not find function "fit_bootstrap_replicate"

-- 9. Error ('test-bootstrap-summary.R:36:3'): successful bootstrap summaries us
Error in `eval(code, test_env)`: object 'summarize_bootstrap' not found
Backtrace:
    x
 1. \-base::do.call(summarize_bootstrap, input) at test-bootstrap-summary.R:36:3

-- 10. Error ('test-bootstrap-summary.R:65:3'): bootstrap coordinate covariance 
Error in `eval(code, test_env)`: object 'summarize_bootstrap' not found
Backtrace:
    x
 1. \-base::do.call(summarize_bootstrap, input) at test-bootstrap-summary.R:65:3
  ... and 26 more


Maximum number of 10 failures reached, some test results may be missing.

== DONE ========================================================================
Error:
! Test failures.
Execution halted
